// Jest Snapshot v1, https://goo.gl/fbAQLP

exports[`Testing SideBar Component renders component with closed panel by default 1`] = `
<DocumentFragment>
  <div
    class="root"
  >
    <button
      class="MuiButtonBase-root MuiButton-root MuiButton-contained MuiButton-containedPrimary MuiButton-sizeMedium MuiButton-containedSizeMedium MuiButton-root MuiButton-contained MuiButton-containedPrimary MuiButton-sizeMedium MuiButton-containedSizeMedium button css-sghohy-MuiButtonBase-root-MuiButton-root"
      tabindex="0"
      type="button"
    >
      Schema
      <span
        class="MuiTouchRipple-root css-8je8zh-MuiTouchRipple-root"
      />
    </button>
    <div
      class="panel"
    />
  </div>
</DocumentFragment>
`;
